// Jest Snapshot v1, https://goo.gl/fbAQLP

exports[`EditListingAboutThisServiceForm matches snapshot 1`] = `
<form
  action="/"
  className=""
  method="post"
  onSubmit={[Function]}
>
  <div
    className=""
  >
    <label
      htmlFor="averageTurnAroundTime"
    >
      EditListingAboutThisServiceForm.questionATitle
    </label>
    <input
      autoFocus={true}
      className=""
      id="averageTurnAroundTime"
      maxLength={60}
      name="averageTurnAroundTime"
      onBlur={[Function]}
      onChange={[Function]}
      onFocus={[Function]}
      placeholder="EditListingAboutThisServiceForm.questionATitlePlaceholder"
      type="text"
      value=""
    />
  </div>
  <div
    className=""
  >
    <label
      htmlFor="explainMore"
    >
      EditListingAboutThisServiceForm.questionBTitle
    </label>
    <input
      autoFocus={true}
      className=""
      id="explainMore"
      maxLength={60}
      name="explainMore"
      onBlur={[Function]}
      onChange={[Function]}
      onFocus={[Function]}
      placeholder="EditListingAboutThisServiceForm.questionBTitlePlaceholder"
      type="text"
      value=""
    />
  </div>
  <button
    className=""
    disabled={true}
    type="submit"
  >
    Save description
  </button>
</form>
`;
