// Jest Snapshot v1, https://goo.gl/fbAQLP

exports[`EditListingAudioForm matches snapshot 1`] = `
<ReactFinalForm
  audio={Array []}
  disabled={false}
  dispatch={[Function]}
  fetchErrors={null}
  initialValues={
    Object {
      "country": "US",
      "images": Array [],
    }
  }
  intl={
    Object {
      "formatDate": [Function],
      "formatHTMLMessage": [Function],
      "formatMessage": [Function],
      "formatNumber": [Function],
      "formatPlural": [Function],
      "formatRelativeTime": [Function],
      "formatTime": [Function],
      "now": [Function],
    }
  }
  onImageUpload={[Function]}
  onRemoveImage={[Function]}
  onSubmit={[Function]}
  onUpdateImageOrder={[Function]}
  ready={false}
  render={[Function]}
  saveActionMsg="Save photos"
  stripeConnected={false}
  updateInProgress={false}
  updated={false}
/>
`;
